INFO:root:configuring env variables
INFO:root: .env loaded
INFO:root:Extracting the URL
INFO:root:GET api response 200
INFO:root:getting the extension of file to be saved as
INFO:root:Writing the document file
INFO:root:Extracting the file type
INFO:root:Match found for file type DLTINS
INFO:root:Extracting file name
INFO:root:Extracting the file download link
INFO:root:Extracting the URL
INFO:root:GET api response 200
INFO:root:getting the extension of file to be saved as
INFO:root:Writing the document file
INFO:root:File unzipping started...
INFO:root:Error during extraction [Errno 2] No such file or directory: 'resources\\DLTINS_20210117_01of01.zip\\DLTINS_20210117_01of01.xml'
INFO:root:configuring env variables
INFO:root: .env loaded
INFO:root:Extracting the URL
INFO:root:GET api response 200
INFO:root:getting the extension of file to be saved as
INFO:root:Writing the document file
INFO:root:Extracting the file type
INFO:root:Match found for file type DLTINS
INFO:root:Extracting file name
INFO:root:Extracting the file download link
INFO:root:Extracting the URL
INFO:root:GET api response 200
INFO:root:getting the extension of file to be saved as
INFO:root:Writing the document file
INFO:root:File unzipping started...
INFO:root:Error during extraction [Errno 2] No such file or directory: 'resources\\DLTINS_20210117_01of01.zip\\DLTINS_20210117_01of01.xml'
INFO:root:configuring env variables
INFO:root: .env loaded
INFO:root:Extracting the URL
INFO:root:GET api response 200
INFO:root:getting the extension of file to be saved as
INFO:root:Writing the document file
INFO:root:Extracting the file type
INFO:root:Match found for file type DLTINS
INFO:root:Extracting file name
INFO:root:Extracting the file download link
INFO:root:Extracting the URL
INFO:root:GET api response 200
INFO:root:getting the extension of file to be saved as
INFO:root:Writing the document file
INFO:root:File unzipping started...
INFO:root:File unzipped successfully
INFO:root:configuring env variables
INFO:root: .env loaded
INFO:root:Extracting the URL
INFO:root:GET api response 200
INFO:root:getting the extension of file to be saved as
INFO:root:Writing the document file
INFO:root:Extracting the file type
INFO:root:Match found for file type DLTINS
INFO:root:Extracting file name
INFO:root:Extracting the file download link
INFO:root:Extracting the URL
INFO:root:GET api response 200
INFO:root:getting the extension of file to be saved as
INFO:root:Writing the document file
INFO:root:File unzipping started...
INFO:root:File unzipped successfully
INFO:root:configuring env variables
INFO:root: .env loaded
INFO:root:Extracting the URL
INFO:root:GET api response 200
INFO:root:getting the extension of file to be saved as
INFO:root:Writing the document file
INFO:root:Extracting the file type
INFO:root:Match found for file type DLTINS
INFO:root:Extracting file name
INFO:root:Extracting the file download link
INFO:root:Extracting the URL
INFO:root:GET api response 200
INFO:root:getting the extension of file to be saved as
INFO:root:Writing the document file
INFO:root:File unzipping started...
INFO:root:File unzipped successfully
INFO:root:configuring env variables
INFO:root: .env loaded
INFO:root:Extracting the URL
INFO:root:GET api response 200
INFO:root:getting the extension of file to be saved as
INFO:root:Writing the document file
INFO:root:Extracting the file type
INFO:root:Match found for file type DLTINS
INFO:root:Extracting file name
INFO:root:Extracting the file download link
INFO:root:Extracting the URL
INFO:root:GET api response 200
INFO:root:getting the extension of file to be saved as
INFO:root:Writing the document file
INFO:root:File unzipping started...
INFO:root:File unzipped successfully
INFO:root:configuring env variables
INFO:root: .env loaded
INFO:root:Extracting the URL
INFO:root:GET api response 200
INFO:root:getting the extension of file to be saved as
INFO:root:Writing the document file
INFO:root:Extracting the file type
INFO:root:Match found for file type DLTINS
INFO:root:Extracting file name
INFO:root:Extracting the file download link
INFO:root:Extracting the URL
INFO:root:GET api response 200
INFO:root:getting the extension of file to be saved as
INFO:root:Writing the document file
INFO:root:File unzipping started...
INFO:root:File unzipped successfully
INFO:root:configuring env variables
INFO:root: .env loaded
INFO:root:Extracting the URL
INFO:root:GET api response 200
INFO:root:getting the extension of file to be saved as
INFO:root:Writing the document file
INFO:root:Extracting the file type
INFO:root:Match found for file type DLTINS
INFO:root:Extracting file name
INFO:root:Extracting the file download link
INFO:root:Extracting the URL
INFO:root:GET api response 200
INFO:root:getting the extension of file to be saved as
INFO:root:Writing the document file
INFO:root:File unzipping started...
INFO:root:File unzipped successfully
INFO:root:configuring env variables
INFO:root: .env loaded
INFO:root:Extracting the URL
INFO:root:GET api response 200
INFO:root:getting the extension of file to be saved as
INFO:root:Writing the document file
INFO:root:Extracting the file type
INFO:root:Match found for file type DLTINS
INFO:root:Extracting file name
INFO:root:Extracting the file download link
INFO:root:Extracting the URL
INFO:root:GET api response 200
INFO:root:getting the extension of file to be saved as
INFO:root:Writing the document file
INFO:root:File unzipping started...
INFO:root:File unzipped successfully
INFO:root:configuring env variables
INFO:root: .env loaded
INFO:root:Extracting the URL
INFO:root:GET api response 200
INFO:root:getting the extension of file to be saved as
INFO:root:Writing the document file
INFO:root:Extracting the file type
INFO:root:Match found for file type DLTINS
INFO:root:Extracting file name
INFO:root:Extracting the file download link
INFO:root:Extracting the URL
INFO:root:GET api response 200
INFO:root:getting the extension of file to be saved as
INFO:root:Writing the document file
INFO:root:File unzipping started...
INFO:root:File unzipped successfully
INFO:root:configuring env variables
INFO:root: .env loaded
INFO:root:Extracting the URL
INFO:root:GET api response 200
INFO:root:getting the extension of file to be saved as
INFO:root:Writing the document file
INFO:root:Extracting the file type
INFO:root:Match found for file type DLTINS
INFO:root:Extracting file name
INFO:root:Extracting the file download link
INFO:root:Extracting the URL
INFO:root:GET api response 200
INFO:root:getting the extension of file to be saved as
INFO:root:Writing the document file
INFO:root:File unzipping started...
INFO:root:File unzipped successfully
INFO:root:configuring env variables
INFO:root: .env loaded
INFO:root:Extracting the URL
INFO:root:GET api response 200
INFO:root:getting the extension of file to be saved as
INFO:root:Writing the document file
INFO:root:Extracting the file type
INFO:root:Match found for file type DLTINS
INFO:root:Extracting file name
INFO:root:Extracting the file download link
INFO:root:Extracting the URL
INFO:root:GET api response 200
INFO:root:getting the extension of file to be saved as
INFO:root:Writing the document file
INFO:root:File unzipping started...
INFO:root:File unzipped successfully
INFO:root:configuring env variables
INFO:root: .env loaded
INFO:root:Extracting the URL
INFO:root:GET api response 200
INFO:root:getting the extension of file to be saved as
INFO:root:Writing the document file
INFO:root:Extracting the file type
INFO:root:Match found for file type DLTINS
INFO:root:Extracting file name
INFO:root:Extracting the file download link
INFO:root:Extracting the URL
INFO:root:GET api response 200
INFO:root:getting the extension of file to be saved as
INFO:root:Writing the document file
INFO:root:File unzipping started...
INFO:root:File unzipped successfully
INFO:root:configuring env variables
INFO:root: .env loaded
INFO:root:Extracting the URL
INFO:root:GET api response 200
INFO:root:getting the extension of file to be saved as
INFO:root:Writing the document file
INFO:root:Extracting the file type
INFO:root:Match found for file type DLTINS
INFO:root:Extracting file name
INFO:root:Extracting the file download link
INFO:root:Extracting the URL
INFO:root:GET api response 200
INFO:root:getting the extension of file to be saved as
INFO:root:Writing the document file
INFO:root:File unzipping started...
INFO:root:File unzipped successfully
INFO:root:configuring env variables
INFO:root: .env loaded
INFO:root:Extracting the URL
INFO:root:GET api response 200
INFO:root:getting the extension of file to be saved as
INFO:root:Writing the document file
INFO:root:Extracting the file type
INFO:root:Match found for file type DLTINS
INFO:root:Extracting file name
INFO:root:Extracting the file download link
INFO:root:Extracting the URL
INFO:root:GET api response 200
INFO:root:getting the extension of file to be saved as
INFO:root:Writing the document file
INFO:root:File unzipping started...
INFO:root:File unzipped successfully
INFO:root:configuring env variables
INFO:root: .env loaded
INFO:root:Extracting the URL
INFO:root:GET api response 200
INFO:root:getting the extension of file to be saved as
INFO:root:Writing the document file
INFO:root:Extracting the file type
INFO:root:Match found for file type DLTINS
INFO:root:Extracting file name
INFO:root:Extracting the file download link
INFO:root:Extracting the URL
INFO:root:GET api response 200
INFO:root:getting the extension of file to be saved as
INFO:root:Writing the document file
INFO:root:File unzipping started...
INFO:root:File unzipped successfully
INFO:root:configuring env variables
INFO:root: .env loaded
INFO:root:Extracting the URL
INFO:root:GET api response 200
INFO:root:getting the extension of file to be saved as
INFO:root:Writing the document file
INFO:root:Extracting the file type
INFO:root:Match found for file type DLTINS
INFO:root:Extracting file name
INFO:root:Extracting the file download link
INFO:root:Extracting the URL
INFO:root:GET api response 200
INFO:root:getting the extension of file to be saved as
INFO:root:Writing the document file
INFO:root:File unzipping started...
INFO:root:File unzipped successfully
INFO:root:configuring env variables
INFO:root: .env loaded
INFO:root:Extracting the URL
INFO:root:GET api response 200
INFO:root:getting the extension of file to be saved as
INFO:root:Writing the document file
INFO:root:Extracting the file type
INFO:root:Match found for file type DLTINS
INFO:root:Extracting file name
INFO:root:Extracting the file download link
INFO:root:Extracting the URL
INFO:root:GET api response 200
INFO:root:getting the extension of file to be saved as
INFO:root:Writing the document file
INFO:root:File unzipping started...
INFO:root:File unzipped successfully
INFO:root:configuring env variables
INFO:root: .env loaded
INFO:root:Extracting the URL
INFO:root:GET api response 200
INFO:root:getting the extension of file to be saved as
INFO:root:Writing the document file
INFO:root:Extracting the file type
INFO:root:Match found for file type DLTINS
INFO:root:Extracting file name
INFO:root:Extracting the file download link
INFO:root:Extracting the URL
INFO:root:GET api response 200
INFO:root:getting the extension of file to be saved as
INFO:root:Writing the document file
INFO:root:File unzipping started...
INFO:root:File unzipped successfully
INFO:root:configuring env variables
INFO:root: .env loaded
INFO:root:Extracting the URL
INFO:root:GET api response 200
INFO:root:getting the extension of file to be saved as
INFO:root:Writing the document file
INFO:root:Extracting the file type
INFO:root:Match found for file type DLTINS
INFO:root:Extracting file name
INFO:root:Extracting the file download link
INFO:root:Extracting the URL
INFO:root:GET api response 200
INFO:root:getting the extension of file to be saved as
INFO:root:Writing the document file
INFO:root:File unzipping started...
INFO:root:File unzipped successfully
INFO:root:configuring env variables
INFO:root: .env loaded
INFO:root:Extracting the URL
INFO:root:GET api response 200
INFO:root:getting the extension of file to be saved as
INFO:root:Writing the document file
INFO:root:Extracting the file type
INFO:root:Match found for file type DLTINS
INFO:root:Extracting file name
INFO:root:Extracting the file download link
INFO:root:Extracting the URL
INFO:root:GET api response 200
INFO:root:getting the extension of file to be saved as
INFO:root:Writing the document file
INFO:root:File unzipping started...
INFO:root:File unzipped successfully
INFO:root:configuring env variables
INFO:root: .env loaded
INFO:root:Extracting the URL
INFO:root:GET api response 200
INFO:root:getting the extension of file to be saved as
INFO:root:Writing the document file
INFO:root:Extracting the file type
INFO:root:Match found for file type DLTINS
INFO:root:Extracting file name
INFO:root:Extracting the file download link
INFO:root:Extracting the URL
INFO:root:GET api response 200
INFO:root:getting the extension of file to be saved as
INFO:root:Writing the document file
INFO:root:File unzipping started...
INFO:root:File unzipped successfully
INFO:root:configuring env variables
INFO:root: .env loaded
INFO:root:Extracting the URL
INFO:root:GET api response 200
INFO:root:getting the extension of file to be saved as
INFO:root:Writing the document file
INFO:root:Extracting the file type
INFO:root:Match found for file type DLTINS
INFO:root:Extracting file name
INFO:root:Extracting the file download link
INFO:root:Extracting the URL
INFO:root:GET api response 200
INFO:root:getting the extension of file to be saved as
INFO:root:Writing the document file
INFO:root:File unzipping started...
INFO:root:File unzipped successfully
INFO:root:configuring env variables
INFO:root: .env loaded
INFO:root:Extracting the URL
INFO:root:GET api response 200
INFO:root:getting the extension of file to be saved as
INFO:root:Writing the document file
INFO:root:Extracting the file type
INFO:root:Match found for file type DLTINS
INFO:root:Extracting file name
INFO:root:Extracting the file download link
INFO:root:Extracting the URL
INFO:root:GET api response 200
INFO:root:getting the extension of file to be saved as
INFO:root:Writing the document file
INFO:root:File unzipping started...
INFO:root:File unzipped successfully
INFO:root:configuring env variables
INFO:root: .env loaded
INFO:root:Extracting the URL
INFO:root:GET api response 200
INFO:root:getting the extension of file to be saved as
INFO:root:Writing the document file
INFO:root:Extracting the file type
INFO:root:Match found for file type DLTINS
INFO:root:Extracting file name
INFO:root:Extracting the file download link
INFO:root:Extracting the URL
INFO:root:GET api response 200
INFO:root:getting the extension of file to be saved as
INFO:root:Writing the document file
INFO:root:File unzipping started...
INFO:root:File unzipped successfully
INFO:root:configuring env variables
INFO:root: .env loaded
INFO:root:Extracting the URL
INFO:root:GET api response 200
INFO:root:getting the extension of file to be saved as
INFO:root:Writing the document file
INFO:root:Extracting the file type
INFO:root:Match found for file type DLTINS
INFO:root:Extracting file name
INFO:root:Extracting the file download link
INFO:root:Extracting the URL
INFO:root:GET api response 200
INFO:root:getting the extension of file to be saved as
INFO:root:Writing the document file
INFO:root:File unzipping started...
INFO:root:File unzipped successfully
